---
source: crates/pyprojx/tests/check.rs
info:
  program: pyprojx
  args:
    - check
  env:
    NO_COLOR: "1"
---
success: false
exit_code: 1
----- stdout -----
error[byte-order-mark]: file starts with a UTF-8 byte order mark
 --> pyproject.toml:1:1
  |
1 | ﻿[project]
  | ^
  |
  = help: tomllib (used by pip and most build backends) and uv reject it; save the file as UTF-8 without a byte order mark
  = fix: remove the byte order mark (`--fix`)

error[missing-key]: `[project]` must set `version` or list it in `dynamic`
 --> pyproject.toml:1:3
  |
1 | ﻿[project]
  |  ^^^^^^^
  |
  = help: add `version = "0.1.0"`, or `dynamic = ["version"]` if your build backend provides it

Found 2 errors.
1 problem is fixable with `--fix`.

----- stderr -----
