---
source: crates/pyprojx_core/tests/corpus.rs
expression: report
---
httpx.toml:19:5: warning[deprecated-metadata] `License ::` classifiers are deprecated
matplotlib.toml:5:11: warning[invalid-value] `project.authors` names should not contain commas
matplotlib.toml:9:11: warning[deprecated-metadata] the `project.license` table is deprecated
matplotlib.toml:16:5: warning[deprecated-metadata] `License ::` classifiers are deprecated
poetry.toml:45:11: warning[unsupported-feature] poetry-core versions before 2.2.0 do not support license expressions in `project.license`
pytest.toml:90:1: warning[duplicate-name] dependency group `dev` has the same name as an extra
requests.toml:9:11: warning[deprecated-metadata] the `project.license` table is deprecated
requests.toml:30:5: warning[deprecated-metadata] `License ::` classifiers are deprecated
20 files, 8 diagnostics
