---
source: crates/pyprojx_core/tests/corpus.rs
expression: report
---
httpx.toml:19:5: warning[deprecated-metadata] `License ::` classifiers are deprecated
matplotlib.toml:5:11: warning[invalid-value] `project.authors` names should not contain commas
matplotlib.toml:9:11: warning[deprecated-metadata] the `project.license` table is deprecated
matplotlib.toml:16:5: warning[deprecated-metadata] `License ::` classifiers are deprecated
requests.toml:9:11: warning[deprecated-metadata] the `project.license` table is deprecated
requests.toml:30:5: warning[deprecated-metadata] `License ::` classifiers are deprecated
20 files, 6 diagnostics
